// Jest Snapshot v1, https://goo.gl/fbAQLP

exports[`Renders the virtual App in the UI correctly 1`] = `
<div>
  <h1>
     List of hobbies 
  </h1>
  <ul>
    <li>
      <div>
        <h2>
          I really like to 
          Dance
        </h2>
      </div>
    </li>
    <li>
      <div>
        <h2>
          I really like to 
          Sing
        </h2>
      </div>
    </li>
  </ul>
</div>
`;
